// Jest Snapshot v1, https://goo.gl/fbAQLP

exports[`CheckboxForm should matches snapshot 1`] = `
Array [
  <View
    accessible={true}
    collapsable={false}
    focusable={true}
    onClick={[Function]}
    onResponderGrant={[Function]}
    onResponderMove={[Function]}
    onResponderRelease={[Function]}
    onResponderTerminate={[Function]}
    onResponderTerminationRequest={[Function]}
    onStartShouldSetResponder={[Function]}
    style={
      Object {
        "alignItems": "center",
        "flexDirection": "row",
        "marginBottom": 10,
        "opacity": 1,
      }
    }
  >
    <Text
      allowFontScaling={false}
      selectable={false}
      style={
        Array [
          Object {
            "color": "#00843F",
            "fontSize": 24,
          },
          undefined,
          Object {
            "fontFamily": "Material Icons",
            "fontStyle": "normal",
            "fontWeight": "normal",
          },
          Object {},
        ]
      }
      testID="checkbox-icon-not-checked-0"
    >
      
    </Text>
    <Text
      style={
        Array [
          Object {
            "color": "#1A1A1A",
            "fontFamily": "SourceSansPro-Regular",
            "fontSize": 27,
            "marginLeft": 5,
          },
        ]
      }
    >
      check-me
    </Text>
  </View>,
  <View
    accessible={true}
    collapsable={false}
    focusable={true}
    onClick={[Function]}
    onResponderGrant={[Function]}
    onResponderMove={[Function]}
    onResponderRelease={[Function]}
    onResponderTerminate={[Function]}
    onResponderTerminationRequest={[Function]}
    onStartShouldSetResponder={[Function]}
    style={
      Object {
        "alignItems": "center",
        "flexDirection": "row",
        "marginBottom": 10,
        "opacity": 1,
      }
    }
  >
    <Text
      allowFontScaling={false}
      selectable={false}
      style={
        Array [
          Object {
            "color": "#00843F",
            "fontSize": 24,
          },
          undefined,
          Object {
            "fontFamily": "Material Icons",
            "fontStyle": "normal",
            "fontWeight": "normal",
          },
          Object {},
        ]
      }
      testID="checkbox-icon-not-checked-1"
    >
      
    </Text>
    <Text
      style={
        Array [
          Object {
            "color": "#1A1A1A",
            "fontFamily": "SourceSansPro-Regular",
            "fontSize": 27,
            "marginLeft": 5,
          },
        ]
      }
    >
      check-me-too
    </Text>
  </View>,
]
`;
