// Jest Snapshot v1, https://goo.gl/fbAQLP

exports[`CheckboxForm should matches snapshot 1`] = `
Array [
  <View
    accessible={true}
    collapsable={false}
    focusable={true}
    onClick={[Function]}
    onResponderGrant={[Function]}
    onResponderMove={[Function]}
    onResponderRelease={[Function]}
    onResponderTerminate={[Function]}
    onResponderTerminationRequest={[Function]}
    onStartShouldSetResponder={[Function]}
    style={
      Object {
        "alignItems": "center",
        "borderColor": "black",
        "borderRadius": 4,
        "borderStyle": "solid",
        "borderWidth": 0,
        "flexDirection": "row",
        "height": "auto",
        "marginBottom": 10,
        "opacity": 1,
        "paddingBottom": 0,
        "paddingLeft": 0,
        "paddingRight": 0,
        "paddingTop": 0,
        "width": "auto",
      }
    }
  >
    <Text
      allowFontScaling={false}
      selectable={false}
      style={
        Array [
          Object {
            "color": "#3A3A3A",
            "fontSize": 24,
          },
          undefined,
          Object {
            "fontFamily": "Material Icons",
            "fontStyle": "normal",
            "fontWeight": "normal",
          },
          Object {},
        ]
      }
      testID="checkbox-icon-not-checked-0"
    >
      
    </Text>
    <View
      style={
        Array [
          Object {
            "alignItems": "flex-start",
            "flexDirection": "column",
          },
        ]
      }
    >
      <Text
        style={
          Array [
            Object {
              "color": "#1A1A1A",
              "fontFamily": "SourceSansPro-Regular",
              "fontSize": 27,
              "marginBottom": 0,
              "marginLeft": 5,
            },
          ]
        }
        withDetails={false}
      >
        check-me
      </Text>
    </View>
  </View>,
  <View
    accessible={true}
    collapsable={false}
    focusable={true}
    onClick={[Function]}
    onResponderGrant={[Function]}
    onResponderMove={[Function]}
    onResponderRelease={[Function]}
    onResponderTerminate={[Function]}
    onResponderTerminationRequest={[Function]}
    onStartShouldSetResponder={[Function]}
    style={
      Object {
        "alignItems": "center",
        "borderColor": "black",
        "borderRadius": 4,
        "borderStyle": "solid",
        "borderWidth": 0,
        "flexDirection": "row",
        "height": "auto",
        "marginBottom": 10,
        "opacity": 1,
        "paddingBottom": 0,
        "paddingLeft": 0,
        "paddingRight": 0,
        "paddingTop": 0,
        "width": "auto",
      }
    }
  >
    <Text
      allowFontScaling={false}
      selectable={false}
      style={
        Array [
          Object {
            "color": "#3A3A3A",
            "fontSize": 24,
          },
          undefined,
          Object {
            "fontFamily": "Material Icons",
            "fontStyle": "normal",
            "fontWeight": "normal",
          },
          Object {},
        ]
      }
      testID="checkbox-icon-not-checked-1"
    >
      
    </Text>
    <View
      style={
        Array [
          Object {
            "alignItems": "flex-start",
            "flexDirection": "column",
          },
        ]
      }
    >
      <Text
        style={
          Array [
            Object {
              "color": "#1A1A1A",
              "fontFamily": "SourceSansPro-Regular",
              "fontSize": 27,
              "marginBottom": 0,
              "marginLeft": 5,
            },
          ]
        }
        withDetails={false}
      >
        check-me-too
      </Text>
    </View>
  </View>,
  <Text
    style={
      Array [
        Object {
          "alignSelf": "flex-end",
          "color": "#781B1C",
          "fontFamily": "SourceSansPro-Regular",
          "fontSize": 24,
          "marginBottom": 3,
        },
      ]
    }
  />,
]
`;
