// Jest Snapshot v1, https://goo.gl/fbAQLP

exports[`Register should matches snapshot 1`] = `
<RCTScrollView
  style={
    Array [
      Object {
        "backgroundColor": "#FFFFFF",
        "minHeight": "100%",
      },
    ]
  }
>
  <View>
    <View
      style={
        Array [
          Object {
            "alignSelf": "center",
            "marginBottom": 0,
            "marginLeft": 0,
            "marginRight": 0,
            "marginTop": 48,
            "width": "90%",
          },
        ]
      }
    >
      <Text
        style={
          Array [
            Object {
              "color": "#1A1A1A",
              "fontFamily": "SourceSansPro-SemiBold",
              "fontSize": 47,
              "marginBottom": 12,
            },
          ]
        }
      >
        Criar conta
      </Text>
      <Text
        style={
          Array [
            Object {
              "color": "#1A1A1A",
              "fontFamily": "SourceSansPro-Regular",
              "fontSize": 27,
              "marginBottom": 24,
            },
          ]
        }
      >
        Informe seus dados para criar uma nova conta:
      </Text>
    </View>
    <View
      style={
        Array [
          Object {
            "alignSelf": "center",
            "marginBottom": 24,
            "width": "90%",
          },
        ]
      }
    >
      <View
        accessible={true}
        collapsable={false}
        focusable={true}
        onClick={[Function]}
        onResponderGrant={[Function]}
        onResponderMove={[Function]}
        onResponderRelease={[Function]}
        onResponderTerminate={[Function]}
        onResponderTerminationRequest={[Function]}
        onStartShouldSetResponder={[Function]}
        style={
          Object {
            "alignItems": "center",
            "flexDirection": "row",
            "marginBottom": 10,
            "opacity": 1,
          }
        }
      >
        <Text
          allowFontScaling={false}
          selectable={false}
          style={
            Array [
              Object {
                "color": "#00843F",
                "fontSize": 24,
              },
              undefined,
              Object {
                "fontFamily": "Material Icons",
                "fontStyle": "normal",
                "fontWeight": "normal",
              },
              Object {},
            ]
          }
          testID="radio-icon-not-checked-0"
        >
          
        </Text>
        <Text
          style={
            Array [
              Object {
                "color": "#1A1A1A",
                "fontFamily": "SourceSansPro-Regular",
                "fontSize": 27,
                "marginLeft": 5,
              },
            ]
          }
        >
          Sou produtor
        </Text>
      </View>
      <View
        accessible={true}
        collapsable={false}
        focusable={true}
        onClick={[Function]}
        onResponderGrant={[Function]}
        onResponderMove={[Function]}
        onResponderRelease={[Function]}
        onResponderTerminate={[Function]}
        onResponderTerminationRequest={[Function]}
        onStartShouldSetResponder={[Function]}
        style={
          Object {
            "alignItems": "center",
            "flexDirection": "row",
            "marginBottom": 10,
            "opacity": 1,
          }
        }
      >
        <Text
          allowFontScaling={false}
          selectable={false}
          style={
            Array [
              Object {
                "color": "#00843F",
                "fontSize": 24,
              },
              undefined,
              Object {
                "fontFamily": "Material Icons",
                "fontStyle": "normal",
                "fontWeight": "normal",
              },
              Object {},
            ]
          }
          testID="radio-icon-not-checked-1"
        >
          
        </Text>
        <Text
          style={
            Array [
              Object {
                "color": "#1A1A1A",
                "fontFamily": "SourceSansPro-Regular",
                "fontSize": 27,
                "marginLeft": 5,
              },
            ]
          }
        >
          Sou consumidor
        </Text>
      </View>
      <View
        style={
          Array [
            Object {
              "marginBottom": 10,
            },
          ]
        }
      >
        <View
          error={false}
          style={
            Array [
              Object {
                "alignItems": "center",
                "backgroundColor": "#f3fbf5",
                "borderBottomWidth": 1,
                "borderColor": "#3A3A3A",
                "flexDirection": "row",
                "height": 56,
                "paddingBottom": 0,
                "paddingLeft": 16,
                "paddingRight": 16,
                "paddingTop": 0,
                "width": "100%",
              },
            ]
          }
        >
          <Text
            animatedStyle={
              Object {
                "value": Object {
                  "fontSize": 14,
                  "opacity": 1,
                  "transform": Array [
                    Object {
                      "translateY": 0,
                    },
                  ],
                },
              }
            }
            collapsable={false}
            style={
              Object {
                "color": "#1A1A1A",
                "fontSize": 14,
                "opacity": 1,
                "paddingLeft": 16,
                "position": "absolute",
                "transform": Array [
                  Object {
                    "translateY": 0,
                  },
                ],
              }
            }
          >
            Nome completo
          </Text>
          <TextInput
            onBlur={[Function]}
            onChangeText={[Function]}
            onFocus={[Function]}
            secureTextEntry={false}
            style={
              Array [
                Object {
                  "flexBasis": 0,
                  "flexGrow": 1,
                  "flexShrink": 1,
                  "fontSize": 27,
                  "marginTop": 15,
                },
              ]
            }
            testID="input-text-name"
          />
        </View>
        <Text
          style={
            Array [
              Object {
                "alignSelf": "flex-end",
                "color": "#781B1C",
                "fontFamily": "SourceSansPro-Regular",
                "fontSize": 24,
                "marginBottom": 3,
              },
            ]
          }
        />
      </View>
      <View
        style={
          Array [
            Object {
              "marginBottom": 10,
            },
          ]
        }
      >
        <View
          error={false}
          style={
            Array [
              Object {
                "alignItems": "center",
                "backgroundColor": "#f3fbf5",
                "borderBottomWidth": 1,
                "borderColor": "#3A3A3A",
                "flexDirection": "row",
                "height": 56,
                "paddingBottom": 0,
                "paddingLeft": 16,
                "paddingRight": 16,
                "paddingTop": 0,
                "width": "100%",
              },
            ]
          }
        >
          <Text
            animatedStyle={
              Object {
                "value": Object {
                  "fontSize": 14,
                  "opacity": 1,
                  "transform": Array [
                    Object {
                      "translateY": 0,
                    },
                  ],
                },
              }
            }
            collapsable={false}
            style={
              Object {
                "color": "#1A1A1A",
                "fontSize": 14,
                "opacity": 1,
                "paddingLeft": 16,
                "position": "absolute",
                "transform": Array [
                  Object {
                    "translateY": 0,
                  },
                ],
              }
            }
          >
            Email
          </Text>
          <TextInput
            onBlur={[Function]}
            onChangeText={[Function]}
            onFocus={[Function]}
            secureTextEntry={false}
            style={
              Array [
                Object {
                  "flexBasis": 0,
                  "flexGrow": 1,
                  "flexShrink": 1,
                  "fontSize": 27,
                  "marginTop": 15,
                },
              ]
            }
            testID="input-text-email"
          />
        </View>
        <Text
          style={
            Array [
              Object {
                "alignSelf": "flex-end",
                "color": "#781B1C",
                "fontFamily": "SourceSansPro-Regular",
                "fontSize": 24,
                "marginBottom": 3,
              },
            ]
          }
        />
      </View>
      <View
        style={
          Array [
            Object {
              "marginBottom": 10,
            },
          ]
        }
      >
        <View
          error={false}
          style={
            Array [
              Object {
                "alignItems": "center",
                "backgroundColor": "#f3fbf5",
                "borderBottomWidth": 1,
                "borderColor": "#3A3A3A",
                "flexDirection": "row",
                "height": 56,
                "paddingBottom": 0,
                "paddingLeft": 16,
                "paddingRight": 16,
                "paddingTop": 0,
                "width": "100%",
              },
            ]
          }
        >
          <Text
            animatedStyle={
              Object {
                "value": Object {
                  "fontSize": 14,
                  "opacity": 1,
                  "transform": Array [
                    Object {
                      "translateY": 0,
                    },
                  ],
                },
              }
            }
            collapsable={false}
            style={
              Object {
                "color": "#1A1A1A",
                "fontSize": 14,
                "opacity": 1,
                "paddingLeft": 16,
                "position": "absolute",
                "transform": Array [
                  Object {
                    "translateY": 0,
                  },
                ],
              }
            }
          >
            Senha
          </Text>
          <TextInput
            onBlur={[Function]}
            onChangeText={[Function]}
            onFocus={[Function]}
            secureTextEntry={true}
            style={
              Array [
                Object {
                  "flexBasis": 0,
                  "flexGrow": 1,
                  "flexShrink": 1,
                  "fontSize": 27,
                  "marginTop": 15,
                },
              ]
            }
            testID="input-text-password"
          />
          <View
            accessible={true}
            focusable={true}
            onClick={[Function]}
            onResponderGrant={[Function]}
            onResponderMove={[Function]}
            onResponderRelease={[Function]}
            onResponderTerminate={[Function]}
            onResponderTerminationRequest={[Function]}
            onStartShouldSetResponder={[Function]}
            style={
              Array [
                Object {
                  "overflow": "hidden",
                },
                Object {
                  "backgroundColor": "#f3fbf5",
                  "borderRadius": 5,
                },
              ]
            }
            testID="visibility-icon"
          >
            <View
              style={
                Array [
                  Object {
                    "alignItems": "center",
                    "flexDirection": "row",
                    "justifyContent": "flex-start",
                    "padding": 8,
                  },
                  Object {
                    "backgroundColor": "#f3fbf5",
                    "borderRadius": 5,
                  },
                  undefined,
                ]
              }
            >
              <Text
                allowFontScaling={false}
                selectable={false}
                style={
                  Array [
                    Object {
                      "color": "#1A1A1A",
                      "fontSize": 20,
                    },
                    Array [
                      Object {
                        "marginRight": 10,
                      },
                      Object {
                        "marginRight": 0,
                      },
                    ],
                    Object {
                      "fontFamily": "Material Icons",
                      "fontStyle": "normal",
                      "fontWeight": "normal",
                    },
                    Object {},
                  ]
                }
              >
                
              </Text>
            </View>
          </View>
        </View>
        <Text
          style={
            Array [
              Object {
                "alignSelf": "flex-end",
                "color": "#781B1C",
                "fontFamily": "SourceSansPro-Regular",
                "fontSize": 24,
                "marginBottom": 3,
              },
            ]
          }
        />
      </View>
      <Text
        style={
          Array [
            Object {
              "color": "#1A1A1A",
              "fontFamily": "SourceSansPro-Regular",
              "marginBottom": 24,
              "marginLeft": 0,
              "marginRight": 0,
              "marginTop": -16,
            },
          ]
        }
      >
        A senha deve conter pelo menos 6 caracteres.
      </Text>
      <View
        accessible={true}
        collapsable={false}
        focusable={true}
        onClick={[Function]}
        onResponderGrant={[Function]}
        onResponderMove={[Function]}
        onResponderRelease={[Function]}
        onResponderTerminate={[Function]}
        onResponderTerminationRequest={[Function]}
        onStartShouldSetResponder={[Function]}
        style={
          Object {
            "alignItems": "center",
            "flexDirection": "row",
            "marginBottom": 10,
            "opacity": 1,
          }
        }
      >
        <Text
          allowFontScaling={false}
          selectable={false}
          style={
            Array [
              Object {
                "color": "#00843F",
                "fontSize": 24,
              },
              undefined,
              Object {
                "fontFamily": "Material Icons",
                "fontStyle": "normal",
                "fontWeight": "normal",
              },
              Object {},
            ]
          }
          testID="checkbox-icon-not-checked-0"
        >
          
        </Text>
        <Text
          style={
            Array [
              Object {
                "color": "#1A1A1A",
                "fontFamily": "SourceSansPro-Regular",
                "fontSize": 27,
                "marginLeft": 5,
              },
            ]
          }
        >
          Concordo com a Política de Privacidade e Termos de uso
        </Text>
      </View>
    </View>
    <View
      accessibilityState={
        Object {
          "disabled": false,
        }
      }
      accessible={true}
      collapsable={false}
      focusable={true}
      onClick={[Function]}
      onResponderGrant={[Function]}
      onResponderMove={[Function]}
      onResponderRelease={[Function]}
      onResponderTerminate={[Function]}
      onResponderTerminationRequest={[Function]}
      onStartShouldSetResponder={[Function]}
      style={
        Object {
          "alignItems": "center",
          "alignSelf": "center",
          "backgroundColor": "#00843F",
          "borderRadius": 4,
          "flexDirection": "row",
          "height": 49,
          "justifyContent": "center",
          "marginBottom": 10,
          "opacity": 1,
          "width": 200,
        }
      }
    >
      <Text
        style={
          Array [
            Object {
              "color": "#FFFFFF",
              "fontFamily": "SourceSansPro-Regular",
              "fontSize": 27,
            },
          ]
        }
        textColor="white"
      >
        Finalizar cadastro
      </Text>
    </View>
    <View
      style={
        Array [
          Object {
            "alignSelf": "center",
            "flexDirection": "row",
            "marginBottom": 48,
            "marginLeft": 0,
            "marginRight": 0,
            "marginTop": 24,
          },
        ]
      }
    >
      <Text
        style={
          Array [
            Object {
              "fontFamily": "SourceSansPro-Regular",
            },
          ]
        }
      >
        Já tem uma conta?
      </Text>
      <View
        accessibilityState={
          Object {
            "disabled": false,
          }
        }
        accessible={true}
        collapsable={false}
        focusable={true}
        onClick={[Function]}
        onResponderGrant={[Function]}
        onResponderMove={[Function]}
        onResponderRelease={[Function]}
        onResponderTerminate={[Function]}
        onResponderTerminationRequest={[Function]}
        onStartShouldSetResponder={[Function]}
        style={
          Object {
            "alignItems": "center",
            "alignSelf": "center",
            "backgroundColor": "transparent",
            "borderRadius": 4,
            "flexDirection": "row",
            "height": "auto",
            "justifyContent": "center",
            "marginBottom": 0,
            "marginLeft": 5,
            "marginRight": 5,
            "marginTop": 0,
            "opacity": 1,
            "width": "auto",
          }
        }
      >
        <Text
          style={
            Array [
              Object {
                "color": "#00843F",
                "fontFamily": "SourceSansPro-Regular",
                "fontSize": 27,
              },
            ]
          }
          textColor="primary"
        >
          Faça Login
        </Text>
      </View>
    </View>
  </View>
</RCTScrollView>
`;
