// Jest Snapshot v1, https://goo.gl/fbAQLP

exports[`Counter should matches snapshot 1`] = `
<View
  style={
    Array [
      Object {
        "alignItems": "center",
        "backgroundColor": "#C1E9CF",
        "borderColor": "#00B761",
        "borderRadius": 16,
        "borderStyle": "solid",
        "borderWidth": 1,
        "flexDirection": "row",
        "height": 32,
        "justifyContent": "space-between",
        "paddingBottom": 0,
        "paddingLeft": 10,
        "paddingRight": 10,
        "paddingTop": 0,
        "width": 86,
      },
    ]
  }
>
  <View
    accessible={true}
    collapsable={false}
    focusable={false}
    onClick={[Function]}
    onResponderGrant={[Function]}
    onResponderMove={[Function]}
    onResponderRelease={[Function]}
    onResponderTerminate={[Function]}
    onResponderTerminationRequest={[Function]}
    onStartShouldSetResponder={[Function]}
    style={
      Object {
        "opacity": 1,
      }
    }
  >
    <Text
      allowFontScaling={false}
      onPress={[Function]}
      selectable={false}
      style={
        Array [
          Object {
            "color": "#1A1A1A",
            "fontSize": 14,
          },
          undefined,
          Object {
            "fontFamily": "Feather",
            "fontStyle": "normal",
            "fontWeight": "normal",
          },
          Object {},
        ]
      }
      testID="decrement-button"
    >
      
    </Text>
  </View>
  <TextInput
    editable={false}
    style={
      Array [
        Object {
          "color": "#1A1A1A",
          "fontFamily": "SourceSansPro-Regular",
          "fontSize": 27,
          "paddingBottom": 0,
          "paddingLeft": 0,
          "paddingRight": 0,
          "paddingTop": 0,
          "width": 10,
        },
      ]
    }
    testID="counter-test"
    value="0"
  />
  <View
    accessible={true}
    collapsable={false}
    focusable={false}
    onClick={[Function]}
    onResponderGrant={[Function]}
    onResponderMove={[Function]}
    onResponderRelease={[Function]}
    onResponderTerminate={[Function]}
    onResponderTerminationRequest={[Function]}
    onStartShouldSetResponder={[Function]}
    style={
      Object {
        "opacity": 1,
      }
    }
  >
    <Text
      allowFontScaling={false}
      onPress={[Function]}
      selectable={false}
      style={
        Array [
          Object {
            "color": "#1A1A1A",
            "fontSize": 14,
          },
          undefined,
          Object {
            "fontFamily": "Feather",
            "fontStyle": "normal",
            "fontWeight": "normal",
          },
          Object {},
        ]
      }
      testID="increment-button"
    >
      
    </Text>
  </View>
</View>
`;
