// Jest Snapshot v1, https://goo.gl/fbAQLP

exports[`RadioForm should matches snapshot 1`] = `
Array [
  <View
    style={
      Array [
        Object {},
      ]
    }
  >
    <View
      accessible={true}
      collapsable={false}
      focusable={true}
      onClick={[Function]}
      onResponderGrant={[Function]}
      onResponderMove={[Function]}
      onResponderRelease={[Function]}
      onResponderTerminate={[Function]}
      onResponderTerminationRequest={[Function]}
      onStartShouldSetResponder={[Function]}
      style={
        Object {
          "alignItems": "center",
          "flexDirection": "row",
          "marginBottom": 10,
          "opacity": 1,
        }
      }
    >
      <Text
        allowFontScaling={false}
        selectable={false}
        style={
          Array [
            Object {
              "color": "#3A3A3A",
              "fontSize": 24,
            },
            undefined,
            Object {
              "fontFamily": "Material Icons",
              "fontStyle": "normal",
              "fontWeight": "normal",
            },
            Object {},
          ]
        }
        testID="radio-icon-not-checked-0"
      >
        
      </Text>
      <View
        style={
          Array [
            Object {
              "alignItems": "flex-start",
              "flexDirection": "column",
            },
          ]
        }
      >
        <Text
          detailsOptions={false}
          style={
            Array [
              Object {
                "color": "#1A1A1A",
                "fontFamily": "SourceSansPro-Regular",
                "fontSize": 27,
                "marginLeft": 8,
              },
            ]
          }
        >
          radio-me
        </Text>
      </View>
    </View>
  </View>,
  <View
    style={
      Array [
        Object {},
      ]
    }
  >
    <View
      accessible={true}
      collapsable={false}
      focusable={true}
      onClick={[Function]}
      onResponderGrant={[Function]}
      onResponderMove={[Function]}
      onResponderRelease={[Function]}
      onResponderTerminate={[Function]}
      onResponderTerminationRequest={[Function]}
      onStartShouldSetResponder={[Function]}
      style={
        Object {
          "alignItems": "center",
          "flexDirection": "row",
          "marginBottom": 10,
          "opacity": 1,
        }
      }
    >
      <Text
        allowFontScaling={false}
        selectable={false}
        style={
          Array [
            Object {
              "color": "#3A3A3A",
              "fontSize": 24,
            },
            undefined,
            Object {
              "fontFamily": "Material Icons",
              "fontStyle": "normal",
              "fontWeight": "normal",
            },
            Object {},
          ]
        }
        testID="radio-icon-not-checked-1"
      >
        
      </Text>
      <View
        style={
          Array [
            Object {
              "alignItems": "flex-start",
              "flexDirection": "column",
            },
          ]
        }
      >
        <Text
          detailsOptions={false}
          style={
            Array [
              Object {
                "color": "#1A1A1A",
                "fontFamily": "SourceSansPro-Regular",
                "fontSize": 27,
                "marginLeft": 8,
              },
            ]
          }
        >
          radio-me-too
        </Text>
      </View>
    </View>
  </View>,
  <Text
    style={
      Array [
        Object {
          "alignSelf": "flex-end",
          "color": "#781B1C",
          "fontFamily": "SourceSansPro-Regular",
          "fontSize": 24,
          "marginBottom": 16,
          "marginLeft": 0,
          "marginRight": 0,
          "marginTop": -8,
        },
      ]
    }
  />,
]
`;
